// Jest Snapshot v1, https://goo.gl/fbAQLP

exports[`NewSearch component render 1`] = `
Object {
  "asFragment": [Function],
  "baseElement": <body>
    <div>
      <div
        class="search-outer"
      >
        <div
          class="search-info"
        >
          <h3>
            Get
            <i>
               Major 
            </i>
             
            and
            <i>
               Strong 
            </i>
             
            Earthquakes happened between
            <i>
               2001-01-01 
            </i>
             
            to
            <i>
               2023-01-01 
            </i>
          </h3>
          <span>
            Major EarthQuakes: 7.0 - 7.9
          </span>
          <span>
            Great EarthQuakes: 8.0 - higher
          </span>
        </div>
        <div
          class="search-drop"
        >
          <select
            class="mag-select"
          >
            <option
              value="7"
            >
              7.0 (5 points)
            </option>
            <option
              value="7.1"
            >
              7.1 (6 points)
            </option>
            <option
              value="7.2"
            >
              7.2 (7 points)
            </option>
            <option
              value="7.3"
            >
              7.3 (8 points)
            </option>
            <option
              value="7.4"
            >
              7.4 (9 points)
            </option>
            <option
              value="7.5"
            >
              7.5 (10 points)
            </option>
            <option
              value="7.6"
            >
              7.6 (11 points)
            </option>
            <option
              value="7.7"
            >
              7.7 (12 points)
            </option>
            <option
              value="7.8"
            >
              7.8 (13 points)
            </option>
            <option
              value="7.9"
            >
              7.9 (14 points)
            </option>
            <option
              value="8"
            >
              8.0 or higher (15 points)
            </option>
            <option
              value="9"
            >
              9.0 (higher)
            </option>
          </select>
          <button
            class="search-button"
            type="button"
          >
            <button
              type="button"
            >
              Mocked GetIcon
            </button>
          </button>
        </div>
      </div>
    </div>
  </body>,
  "container": <div>
    <div
      class="search-outer"
    >
      <div
        class="search-info"
      >
        <h3>
          Get
          <i>
             Major 
          </i>
           
          and
          <i>
             Strong 
          </i>
           
          Earthquakes happened between
          <i>
             2001-01-01 
          </i>
           
          to
          <i>
             2023-01-01 
          </i>
        </h3>
        <span>
          Major EarthQuakes: 7.0 - 7.9
        </span>
        <span>
          Great EarthQuakes: 8.0 - higher
        </span>
      </div>
      <div
        class="search-drop"
      >
        <select
          class="mag-select"
        >
          <option
            value="7"
          >
            7.0 (5 points)
          </option>
          <option
            value="7.1"
          >
            7.1 (6 points)
          </option>
          <option
            value="7.2"
          >
            7.2 (7 points)
          </option>
          <option
            value="7.3"
          >
            7.3 (8 points)
          </option>
          <option
            value="7.4"
          >
            7.4 (9 points)
          </option>
          <option
            value="7.5"
          >
            7.5 (10 points)
          </option>
          <option
            value="7.6"
          >
            7.6 (11 points)
          </option>
          <option
            value="7.7"
          >
            7.7 (12 points)
          </option>
          <option
            value="7.8"
          >
            7.8 (13 points)
          </option>
          <option
            value="7.9"
          >
            7.9 (14 points)
          </option>
          <option
            value="8"
          >
            8.0 or higher (15 points)
          </option>
          <option
            value="9"
          >
            9.0 (higher)
          </option>
        </select>
        <button
          class="search-button"
          type="button"
        >
          <button
            type="button"
          >
            Mocked GetIcon
          </button>
        </button>
      </div>
    </div>
  </div>,
  "debug": [Function],
  "findAllByAltText": [Function],
  "findAllByDisplayValue": [Function],
  "findAllByLabelText": [Function],
  "findAllByPlaceholderText": [Function],
  "findAllByRole": [Function],
  "findAllByTestId": [Function],
  "findAllByText": [Function],
  "findAllByTitle": [Function],
  "findByAltText": [Function],
  "findByDisplayValue": [Function],
  "findByLabelText": [Function],
  "findByPlaceholderText": [Function],
  "findByRole": [Function],
  "findByTestId": [Function],
  "findByText": [Function],
  "findByTitle": [Function],
  "getAllByAltText": [Function],
  "getAllByDisplayValue": [Function],
  "getAllByLabelText": [Function],
  "getAllByPlaceholderText": [Function],
  "getAllByRole": [Function],
  "getAllByTestId": [Function],
  "getAllByText": [Function],
  "getAllByTitle": [Function],
  "getByAltText": [Function],
  "getByDisplayValue": [Function],
  "getByLabelText": [Function],
  "getByPlaceholderText": [Function],
  "getByRole": [Function],
  "getByTestId": [Function],
  "getByText": [Function],
  "getByTitle": [Function],
  "queryAllByAltText": [Function],
  "queryAllByDisplayValue": [Function],
  "queryAllByLabelText": [Function],
  "queryAllByPlaceholderText": [Function],
  "queryAllByRole": [Function],
  "queryAllByTestId": [Function],
  "queryAllByText": [Function],
  "queryAllByTitle": [Function],
  "queryByAltText": [Function],
  "queryByDisplayValue": [Function],
  "queryByLabelText": [Function],
  "queryByPlaceholderText": [Function],
  "queryByRole": [Function],
  "queryByTestId": [Function],
  "queryByText": [Function],
  "queryByTitle": [Function],
  "rerender": [Function],
  "unmount": [Function],
}
`;
